
主固件号,次固件号开始,次固件号结束,0/1,反馈开始地址,反馈结束地址,控制开始地址,左曲线显示比例(4096/n),速度曲线显示比例(n/10)
[调试]
1,0,255,1,56,68,40,4,2
2,0,255,1,56,68,40,4,2
6,0,255,0,56,70,40,1,2
8,0,255,0,56,70,40,1,2
2,0,19,0,56,72,40,1,100
2,20,39,0,56,72,40,1,100
2,40,59,0,56,72,40,1,100
0,0,19,1,56,72,40,4,5
0,240,244,1,86,102,70,4,2
3,0,19,0,56,72,40,1,100
1,0,19,0,56,72,40,1,10
[调试结束]

----------------------------------------------------------------

主型号,次型号开始,次型号结束,0/1
[型号]
1,0,255,1,SCSXX
1,0,255,0,SMXX
2,0,255,0,SMXXBL
8,0,19,0,SM30BL
8,20,39,0,SM30BL(LJ)
8,40,59,0,SM40BLHV
5,0,0,1,SCSXX
5,0,4,1,SCS009
5,0,8,1,SCS2332
5,0,12,1,SCS45
5,0,15,1,SCS15
5,0,25,1,SCS115
5,0,35,1,SCS215
5,0,40,1,SCS40
5,0,60,1,SCS6560
5,240,244,1,SCDZZ
9,0,19,0,SC20XX-360
9,0,20,1,SCSXX-2
9,0,4,1,SCS009-2
9,0,8,1,SCS2332-2
9,0,12,1,SCS45-2
9,0,15,1,SCS15-2
9,0,25,1,SCS115-2
9,0,35,1,SCS215-2
9,0,40,1,SCS40-2
9,0,60,1,SCS6560-2
6,0,0,0,SMXX-360M
6,0,4,0,SM30-360M
6,0,8,0,SM60-360M
6,0,12,0,SM80-360M
6,0,16,0,SM100-360M
6,0,20,0,SM150-360M
[型号结束]

-----------------------------------------------------------------
主固件号,次固件号开始,次固件号结束,0/1
地址,内存名,字节数,初值,方向位,EPROM/SRAM,r/rw,最小值,最大值

SMXXBLHV
[内存]
2,40,59,0
0,Firmware main version,1, ,-1,EPROM,r,-1,-1
1,Firmware sub version,1, ,-1,EPROM,r,-1,-1
3,Servo main version,1, ,-1,EPROM,r,-1,-1
4,Servo sub version,1, ,-1,EPROM,r,-1,-1
5,ID,1,0,-1,EPROM,rw,0,253
6,baud rate,1,4,-1,EPROM,rw,0,7
7,Return delay,1,250,-1,EPROM,rw,0,254
8,Ack Level,1,1,-1,EPROM,rw,0,1
9,Minimum angle,2,0,15,EPROM,rw,-1,4095
11,Maximum angle,2,0,15,EPROM,rw,0,-1
13,Maximum temperature,1,80,-1,EPROM,rw,0,100
14,Maximum voltage,1,140,-1,EPROM,rw,0,254
15,Minimum voltage,1,80,-1,EPROM,rw,0,254
16,Maximum torque,2,1000,-1,EPROM,rw,0,1000
19,Unloading condition,1,37,-1,EPROM,rw,0,254
20,LED Alarm condition,1,37,-1,EPROM,rw,0,254
21,P,1,32,-1,EPROM,rw,0,254
22,D,1,0,-1,EPROM,rw,0,254
23,I,1,0,-1,EPROM,rw,0,254
24,Punch,2,0,-1,EPROM,rw,0,1000
26,CW dead band,1,0,-1,EPROM,rw,0,32
27,CCW dead band,1,0,-1,EPROM,rw,0,32
28,Maximum current,2,0,-1,EPROM,rw,0,511
30,Resolution,1,1,-1,EPROM,rw,1,100
31,Position Offset,2,0,15,EPROM,rw,-2047,2047
33,Run mode,1,0,-1,EPROM,rw,0,2
34,Protective torque,1,40,-1,EPROM,rw,0,254
35,Protection time,1,80,-1,EPROM,rw,0,254
36,Overload torque,1,80,-1,EPROM,rw,0,254
38,Current protection time,1,100,-1,EPROM,rw,0,254
40,Torque enable,1,0,-1,SRAM,rw,0,2
41,Acceleration,1,0,-1,SRAM,rw,0,254
42,Target postiton,2,0,15,SRAM,rw,-32766,32766
46,Running speed,2,0,15,SRAM,rw,-1000,1000
48,Torque limit,2,1000,-1,SRAM,rw,0,1000
55,Lock,1,1,-1,SRAM,rw,0,1
56,Current position,2,0,15,SRAM,r,-1,-1
58,Current speed,2,0,15,SRAM,r,-1,-1
60,Current load,2,0,10,SRAM,r,-1,-1
62,Current voltage,1,0,-1,SRAM,r,-1,-1
63,Current temperature,1,0,-1,SRAM,r,-1,-1
66,Moveing,1,0,-1,SRAM,r,-1,-1
69,Current current,2,0,15,SRAM,r,-1,-1
NULL,NULL,NULL,NULL,NULL,NULL,NULL
[内存结束]


SMXXBL
[内存]
2,0,19,0
0,Firmware main version,1, ,-1,EPROM,r,-1,-1
1,Firmware sub version,1, ,-1,EPROM,r,-1,-1
3,Servo main version,1, ,-1,EPROM,r,-1,-1
4,Servo sub version,1, ,-1,EPROM,rw,-1,-1
5,ID,1,0,-1,EPROM,rw,0,253
6,baud rate,1,4,-1,EPROM,rw,0,7
7,Return delay,1,250,-1,EPROM,rw,0,254
8,Ack Level,1,1,-1,EPROM,rw,0,1
9,Minimum angle,2,0,15,EPROM,rw,-1,4095
11,Maximum angle,2,0,15,EPROM,rw,0,-1
13,Maximum temperature,1,80,-1,EPROM,rw,0,100
14,Maximum voltage,1,140,-1,EPROM,rw,0,254
15,Minimum voltage,1,80,-1,EPROM,rw,0,254
16,Maximum torque,2,1000,-1,EPROM,rw,0,1000
19,Unloading condition,1,37,-1,EPROM,rw,0,254
20,LED Alarm condition,1,37,-1,EPROM,rw,0,254
21,P,1,32,-1,EPROM,rw,0,254
22,D,1,0,-1,EPROM,rw,0,254
23,I,1,0,-1,EPROM,rw,0,254
24,Punch,2,0,-1,EPROM,rw,0,1000
26,CW dead band,1,0,-1,EPROM,rw,0,32
27,CCW dead band,1,0,-1,EPROM,rw,0,32
28,Maximum current,2,0,-1,EPROM,rw,0,511
30,Resolution,1,1,-1,EPROM,rw,1,100
31,Position Offset,2,0,15,EPROM,rw,-2047,2047
33,Run mode,1,0,-1,EPROM,rw,0,2
34,Protective torque,1,40,-1,EPROM,rw,0,254
35,Protection time,1,80,-1,EPROM,rw,0,254
36,Overload torque,1,80,-1,EPROM,rw,0,254
38,Current protection time,1,100,-1,EPROM,rw,0,254
40,Torque enable,1,0,-1,SRAM,rw,0,2
41,Acceleration,1,0,-1,SRAM,rw,0,254
42,Target postiton,2,0,15,SRAM,rw,-32766,32766
46,Running speed,2,0,15,SRAM,rw,-1000,1000
48,Torque limit,2,1000,-1,SRAM,rw,0,1000
55,Lock,1,1,-1,SRAM,rw,0,1
56,Current position,2,0,15,SRAM,r,-1,-1
58,Current speed,2,0,15,SRAM,r,-1,-1
60,Current load,2,0,10,SRAM,r,-1,-1
62,Current voltage,1,0,-1,SRAM,r,-1,-1
63,Current temperature,1,0,-1,SRAM,r,-1,-1
66,Moveing,1,0,-1,SRAM,r,-1,-1
69,Current current,2,0,15,SRAM,r,-1,-1
NULL,NULL,NULL,NULL,NULL,NULL,NULL
[内存结束]


SMXXBL(LJ)
[内存]
2,20,39,0
0,Firmware main version,1, ,-1,EPROM,r,-1,-1
1,Firmware sub version,1, ,-1,EPROM,r,-1,-1
3,Servo main version,1, ,-1,EPROM,r,-1,-1
4,Servo sub version,1, ,-1,EPROM,r,-1,-1
5,ID,1,0,-1,EPROM,rw,0,253
6,baud rate,1,4,-1,EPROM,rw,0,7
7,Return delay,1,250,-1,EPROM,rw,0,254
8,Ack Level,1,1,-1,EPROM,rw,0,1
9,Minimum angle,2,0,15,EPROM,rw,-1,4095
11,Maximum angle,2,0,15,EPROM,rw,0,-1
13,Maximum temperature,1,80,-1,EPROM,rw,0,100
14,Maximum voltage,1,140,-1,EPROM,rw,0,254
15,Minimum voltage,1,80,-1,EPROM,rw,0,254
16,Maximum torque,2,1000,-1,EPROM,rw,0,1000
19,Unloading condition,1,37,-1,EPROM,rw,0,254
20,LED Alarm condition,1,37,-1,EPROM,rw,0,254
21,P,1,32,-1,EPROM,rw,0,254
22,D,1,0,-1,EPROM,rw,0,254
23,I,1,0,-1,EPROM,rw,0,254
24,Punch,2,0,-1,EPROM,rw,0,1000
26,CW dead band,1,0,-1,EPROM,rw,0,32
27,CCW dead band,1,0,-1,EPROM,rw,0,32
28,Maximum current,2,0,-1,EPROM,rw,0,511
30,Resolution,1,1,-1,EPROM,rw,1,100
31,Run mode,1,0,-1,EPROM,rw,0,2
33,Position Offset,2,0,11,EPROM,rw,-2047,2047
35,Protective torque,1,40,-1,EPROM,rw,0,254
36,Protection time,1,80,-1,EPROM,rw,0,254
37,Overload torque,1,80,-1,EPROM,rw,0,254
38,Current protection time,1,100,-1,EPROM,rw,0,254
40,Torque enable,1,0,-1,SRAM,rw,0,2
42,Target postiton,2,0,15,SRAM,rw,-32766,32766
48,Lock,1,1,-1,SRAM,rw,0,1
56,Current position,2,0,15,SRAM,r,-1,-1
58,Current speed,2,0,15,SRAM,r,-1,-1
60,Current load,2,0,10,SRAM,r,-1,-1
62,Current voltage,1,0,-1,SRAM,r,-1,-1
63,Current temperature,1,0,-1,SRAM,r,-1,-1
66,Moveing,1,0,-1,SRAM,r,-1,-1
69,Current current,2,0,15,SRAM,r,-1,-1
NULL,NULL,NULL,NULL,NULL,NULL,NULL
[内存结束]


SCSXX(新固件)
[内存]
0,0,19,1
0,Firmware main version,1, ,-1,EPROM,r,-1,-1
1,Firmware sub version,1, ,-1,EPROM,r,-1,-1
3,Servo main version,1, ,-1,EPROM,r,-1,-1
4,Servo sub version,1, ,-1,EPROM,r,-1,-1
5,ID,1,0,-1,EPROM,rw,0,253
6,baud rate,1,4,-1,EPROM,rw,0,7
7,Return delay,1,250,-1,EPROM,rw,0,254
8,Ack Level,1,1,-1,EPROM,rw,0,1
9,Minimum angle,2,0,15,EPROM,rw,-1,4095
11,Maximum angle,2,0,15,EPROM,rw,0,-1
13,Maximum temperature,1,80,-1,EPROM,rw,0,100
14,Maximum voltage,1,140,-1,EPROM,rw,0,254
15,Minimum voltage,1,80,-1,EPROM,rw,0,254
16,Maximum torque,2,1000,-1,EPROM,rw,0,1000
19,Unloading condition,1,37,-1,EPROM,rw,0,254
20,LED Alarm condition,1,37,-1,EPROM,rw,0,254
21,P,1,32,-1,EPROM,rw,0,254
22,D,1,0,-1,EPROM,rw,0,254
23,I,1,0,-1,EPROM,rw,0,254
24,Punch,2,0,-1,EPROM,rw,0,1000
26,CW dead band,1,2,-1,EPROM,rw,0,32
27,CCW dead band,1,2,-1,EPROM,rw,0,32
37,Protective torque,1,40,-1,EPROM,rw,0,254
38,Protection time,1,80,-1,EPROM,rw,0,254
39,Overload torque,1,80,-1,EPROM,rw,0,254
40,Torque enable,1,0,-1,SRAM,rw,0,2
42,Target postiton,2,0,-1,SRAM,rw,0,1023
44,Running time,2,0,15,SRAM,rw,-32766,32766
46,Running speed,2,0,-1,SRAM,rw,0,32766
48,Lock,1,1,-1,SRAM,rw,0,1
56,Current position,2,0,15,SRAM,r,-1,-1
58,Current speed,2,0,15,SRAM,r,-1,-1
60,Current load,2,0,10,SRAM,r,-1,-1
62,Current voltage,1,0,-1,SRAM,r,-1,-1
63,Current temperature,1,0,-1,SRAM,r,-1,-1
66,Moveing,1,0,-1,SRAM,r,-1,-1
NULL,NULL,NULL,NULL,NULL,NULL,NULL
[内存结束]


SCSXX(DZZ定制版)
[内存]
0,240,244,1
30,Firmware main version,1, ,-1,EPROM,r,-1,-1
31,Firmware sub version,1, ,-1,EPROM,r,-1,-1
33,Servo main version,1, ,-1,EPROM,r,-1,-1
34,Servo sub version,1, ,-1,EPROM,r,-1,-1
35,ID,1,0,-1,EPROM,rw,0,253
36,baud rate,1,4,-1,EPROM,rw,0,7
37,Return delay,1,250,-1,EPROM,rw,0,254
38,Ack Level,1,1,-1,EPROM,rw,0,1
39,Minimum angle,2,0,15,EPROM,rw,-1,4095
41,Maximum angle,2,0,15,EPROM,rw,0,-1
43,Maximum temperature,1,80,-1,EPROM,rw,0,100
44,Maximum voltage,1,140,-1,EPROM,rw,0,254
45,Minimum voltage,1,80,-1,EPROM,rw,0,254
46,Maximum torque,2,1000,-1,EPROM,rw,0,1000
49,Unloading condition,1,37,-1,EPROM,rw,0,254
51,P,1,32,-1,EPROM,rw,0,254
54,Punch,2,0,-1,EPROM,rw,0,1000
56,CW dead band,1,2,-1,EPROM,rw,0,32
57,CCW dead band,1,2,-1,EPROM,rw,0,32
70,Torque enable,1,0,-1,SRAM,rw,0,2
72,Target postiton,2,0,-1,SRAM,rw,0,1023
74,Running time,2,0,15,SRAM,rw,-32766,32766
76,Running speed,2,0,-1,SRAM,rw,0,32766
78,Lock,1,1,-1,SRAM,rw,0,1
86,Current position,2,0,15,SRAM,r,-1,-1
88,Current speed,2,0,15,SRAM,r,-1,-1
90,Current load,2,0,10,SRAM,r,-1,-1
92,Current voltage,1,0,-1,SRAM,r,-1,-1
93,Current temperature,1,0,-1,SRAM,r,-1,-1
NULL,NULL,NULL,NULL,NULL,NULL,NULL
[内存结束]


SMXX(新固件)
[内存]
1,0,19,0
0,Firmware main version,1, ,-1,EPROM,r,-1,-1
1,Firmware sub version,1, ,-1,EPROM,r,-1,-1
3,Servo main version,1, ,-1,EPROM,r,-1,-1
4,Servo sub version,1, ,-1,EPROM,r,-1,-1
5,ID,1,0,-1,EPROM,rw,0,253
6,baud rate,1,4,-1,EPROM,rw,0,7
7,Return delay,1,250,-1,EPROM,rw,0,254
8,Ack Level,1,1,-1,EPROM,rw,0,1
9,Minimum angle,2,0,15,EPROM,rw,0,-1
11,Maximum angle,2,0,15,EPROM,rw,0,-1
13,Maximum temperature,1,80,-1,EPROM,rw,0,100
14,Maximum voltage,1,140,-1,EPROM,rw,0,254
15,Minimum voltage,1,80,-1,EPROM,rw,0,254
16,Maximum torque,2,1000,-1,EPROM,rw,0,1000
19,Unloading condition,1,37,-1,EPROM,rw,0,254
20,LED Alarm condition,1,37,-1,EPROM,rw,0,254
21,P,1,32,-1,EPROM,rw,0,254
22,D,1,0,-1,EPROM,rw,0,254
23,I,1,0,-1,EPROM,rw,0,254
24,Punch,2,0,-1,EPROM,rw,0,1000
26,CW dead band,1,0,-1,EPROM,rw,0,32
27,CCW dead band,1,0,-1,EPROM,rw,0,32
28,Maximum current,2,0,-1,EPROM,rw,0,511
33,Position Offset,2,0,15,EPROM,rw,-2047,2047
35,Run mode,1,0,-1,EPROM,rw,0,2
36,Current protection time,1,100,-1,EPROM,rw,0,254
37,Protective torque,1,40,-1,EPROM,rw,0,254
38,Protection time,1,80,-1,EPROM,rw,0,254
39,Overload torque,1,80,-1,EPROM,rw,0,254
40,Torque enable,1,0,-1,SRAM,rw,0,2
41,Acceleration,1,0,-1,SRAM,rw,0,254
42,Target postiton,2,0,-1,SRAM,rw,-32766,32766
44,Running time,2,0,15,SRAM,rw,-32766,32766
46,Running speed,2,0,15,SRAM,rw,0,32766
48,Lock,1,1,-1,SRAM,rw,0,1
56,Current position,2,0,15,SRAM,r,-1,-1
58,Current speed,2,0,15,SRAM,r,-1,-1
60,Current load,2,0,10,SRAM,r,-1,-1
62,Current voltage,1,0,-1,SRAM,r,-1,-1
63,Current temperature,1,0,-1,SRAM,r,-1,-1
66,Moveing,1,0,-1,SRAM,r,-1,-1
69,Current current,2,0,15,SRAM,r,-1,-1
NULL,NULL,NULL,NULL,NULL,NULL,NULL
[内存结束]


SC20XX-360
[内存]
3,0,19,0
0,Firmware main version,1, ,-1,EPROM,r,-1,-1
1,Firmware sub version,1, ,-1,EPROM,r,-1,-1
3,Servo main version,1, ,-1,EPROM,r,-1,-1
4,Servo sub version,1, ,-1,EPROM,rw,-1,-1
5,ID,1,0,-1,EPROM,rw,0,253
6,baud rate,1,4,-1,EPROM,rw,0,7
7,Return delay,1,250,-1,EPROM,rw,0,254
8,Ack Level,1,1,-1,EPROM,rw,0,1
9,Minimum angle,2,0,15,EPROM,rw,-1,4095
11,Maximum angle,2,0,15,EPROM,rw,0,-1
13,Maximum temperature,1,80,-1,EPROM,rw,0,100
14,Maximum voltage,1,140,-1,EPROM,rw,0,254
15,Minimum voltage,1,80,-1,EPROM,rw,0,254
16,Maximum torque,2,1000,-1,EPROM,rw,0,1000
19,Unloading condition,1,37,-1,EPROM,rw,0,254
20,LED Alarm condition,1,37,-1,EPROM,rw,0,254
21,P,1,32,-1,EPROM,rw,0,254
22,D,1,0,-1,EPROM,rw,0,254
23,I,1,0,-1,EPROM,rw,0,254
24,Punch,2,0,-1,EPROM,rw,0,1000
26,CW dead band,1,0,-1,EPROM,rw,0,32
27,CCW dead band,1,0,-1,EPROM,rw,0,32
28,Maximum current,2,0,-1,EPROM,rw,0,511
30,Resolution,1,1,-1,EPROM,rw,1,100
31,Position Offset,2,0,15,EPROM,rw,-32766,32766
33,Run mode,1,0,-1,EPROM,rw,0,2
34,Protective torque,1,40,-1,EPROM,rw,0,254
35,Protection time,1,80,-1,EPROM,rw,0,254
36,Overload torque,1,80,-1,EPROM,rw,0,254
40,Torque enable,1,0,-1,SRAM,rw,0,2
41,Acceleration,1,0,-1,SRAM,rw,0,254
42,Target postiton,2,0,15,SRAM,rw,-32766,32766
46,Running speed,2,0,15,SRAM,rw,-1000,1000
48,Torque limit,2,1000,-1,SRAM,rw,0,1000
55,Lock,1,1,-1,SRAM,rw,0,1
56,Current position,2,0,15,SRAM,r,-1,-1
58,Current speed,2,0,15,SRAM,r,-1,-1
60,Current load,2,0,10,SRAM,r,-1,-1
62,Current voltage,1,0,-1,SRAM,r,-1,-1
63,Current temperature,1,0,-1,SRAM,r,-1,-1
66,Moveing,1,0,-1,SRAM,r,-1,-1
69,Current current,2,0,15,SRAM,r,-1,-1
NULL,NULL,NULL,NULL,NULL,NULL,NULL
[内存结束]


SC20XX
[内存]
3,20,39,1
0,Firmware main version,1, ,-1,EPROM,r,-1,-1
1,Firmware sub version,1, ,-1,EPROM,r,-1,-1
3,Servo main version,1, ,-1,EPROM,r,-1,-1
4,Servo sub version,1, ,-1,EPROM,r,-1,-1
5,ID,1,0,-1,EPROM,rw,0,253
6,baud rate,1,4,-1,EPROM,rw,0,7
7,Return delay,1,250,-1,EPROM,rw,0,254
8,Ack Level,1,1,-1,EPROM,rw,0,1
9,Minimum angle,2,0,15,EPROM,rw,-1,4095
11,Maximum angle,2,0,15,EPROM,rw,0,-1
13,Maximum temperature,1,80,-1,EPROM,rw,0,100
14,Maximum voltage,1,140,-1,EPROM,rw,0,254
15,Minimum voltage,1,80,-1,EPROM,rw,0,254
16,Maximum torque,2,1000,-1,EPROM,rw,0,1000
19,Unloading condition,1,37,-1,EPROM,rw,0,254
20,LED Alarm condition,1,37,-1,EPROM,rw,0,254
21,P,1,32,-1,EPROM,rw,0,254
22,D,1,0,-1,EPROM,rw,0,254
23,I,1,0,-1,EPROM,rw,0,254
24,Punch,2,0,-1,EPROM,rw,0,1000
26,CW dead band,1,2,-1,EPROM,rw,0,32
27,CCW dead band,1,2,-1,EPROM,rw,0,32
31,Current protection time,1,100,-1,EPROM,rw,0,254
32,Maximum current,2,0,-1,EPROM,rw,0,511
37,Protective torque,1,40,-1,EPROM,rw,0,254
38,Protection time,1,80,-1,EPROM,rw,0,254
39,Overload torque,1,80,-1,EPROM,rw,0,254
40,Torque enable,1,0,-1,SRAM,rw,0,2
42,Target postiton,2,0,-1,SRAM,rw,0,1023
44,Running time,2,0,15,SRAM,rw,-32766,32766
46,Running speed,2,0,-1,SRAM,rw,0,32766
48,Lock,1,1,-1,SRAM,rw,0,1
49,Torque limit,2,1000,-1,SRAM,rw,0,1000
56,Current position,2,0,15,SRAM,r,-1,-1
58,Current speed,2,0,15,SRAM,r,-1,-1
60,Current load,2,0,10,SRAM,r,-1,-1
62,Current voltage,1,0,-1,SRAM,r,-1,-1
63,Current temperature,1,0,-1,SRAM,r,-1,-1
66,Moveing,1,0,-1,SRAM,r,-1,-1
NULL,NULL,NULL,NULL,NULL,NULL,NULL
[内存结束]


----------------------------旧固件兼容------------------------
SMXXBL(旧固件)
[内存]
8,0,255,0
0,Servo main version,1, ,-1,EPROM,r,-1,-1
1,Servo sub version,1, ,-1,EPROM,r,-1,-1
3,Firmware main version,1, ,-1,EPROM,r,-1,-1
4,Firmware sub version,1, ,-1,EPROM,r,-1,-1
5,ID,1,0,-1,EPROM,rw,0,253
6,baud rate,1,4,-1,EPROM,rw,0,7
7,Return delay,1,250,-1,EPROM,rw,0,254
8,Ack Level,1,1,-1,EPROM,rw,0,1
9,Minimum angle,2,0,15,EPROM,rw,-1,4095
11,Maximum angle,2,0,15,EPROM,rw,0,-1
13,Maximum temperature,1,80,-1,EPROM,rw,0,100
14,Maximum voltage,1,140,-1,EPROM,rw,0,254
15,Minimum voltage,1,80,-1,EPROM,rw,0,254
16,Maximum torque,2,1000,-1,EPROM,rw,0,1000
19,Unloading condition,1,37,-1,EPROM,rw,0,254
20,LED Alarm condition,1,37,-1,EPROM,rw,0,254
21,P,1,32,-1,EPROM,rw,0,254
22,D,1,0,-1,EPROM,rw,0,254
23,I,1,0,-1,EPROM,rw,0,254
24,Punch,2,0,-1,EPROM,rw,0,1000
26,CW dead band,1,0,-1,EPROM,rw,0,32
27,CCW dead band,1,0,-1,EPROM,rw,0,32
28,Integral limit,2,0,-1,EPROM,rw,0,1000
33,Position Offset,2,0,11,EPROM,rw,-2047,2047
35,Run mode,1,0,-1,EPROM,rw,0,2
36,Maximum current,2,0,-1,EPROM,rw,0,511
40,Torque enable,1,0,-1,SRAM,rw,0,1
42,Target postiton,2,0,15,SRAM,rw,-32766,32766
44,Running time,2,0,-1,SRAM,rw,0,32766
46,Running speed,2,0,15,SRAM,rw,-32766,32766
48,Lock,1,1,-1,SRAM,rw,0,1
56,Current position,2,0,15,SRAM,r,-1,-1
58,Current speed,2,0,15,SRAM,r,-1,-1
60,Current load,2,0,10,SRAM,r,-1,-1
62,Current voltage,1,0,-1,SRAM,r,-1,-1
63,Current temperature,1,0,-1,SRAM,r,-1,-1
66,Moveing,1,0,-1,SRAM,r,-1,-1
69,Current current,2,0,15,SRAM,r,-1,-1
NULL,NULL,NULL,NULL,NULL,NULL,NULL
[内存结束]


SMXX(旧固件)
[内存]
6,0,255,0
0,Servo main version,1, ,-1,EPROM,r,-1,-1
1,Servo sub version,1, ,-1,EPROM,r,-1,-1
3,Firmware main version,1, ,-1,EPROM,r,-1,-1
4,Firmware sub version,1, ,-1,EPROM,r,-1,-1
5,ID,1,0,-1,EPROM,rw,0,253
6,baud rate,1,4,-1,EPROM,rw,0,7
7,Return delay,1,250,-1,EPROM,rw,0,254
8,Ack Level,1,1,-1,EPROM,rw,0,1
9,Minimum angle,2,0,15,EPROM,rw,-1,4095
11,Maximum angle,2,0,15,EPROM,rw,0,-1
13,Maximum temperature,1,80,-1,EPROM,rw,0,100
14,Maximum voltage,1,140,-1,EPROM,rw,0,254
15,Minimum voltage,1,80,-1,EPROM,rw,0,254
16,Maximum torque,2,1000,-1,EPROM,rw,0,1000
19,Unloading condition,1,37,-1,EPROM,rw,0,254
20,LED Alarm condition,1,37,-1,EPROM,rw,0,254
21,P,1,32,-1,EPROM,rw,0,254
22,D,1,0,-1,EPROM,rw,0,254
23,I,1,0,-1,EPROM,rw,0,254
24,Punch,2,0,-1,EPROM,rw,0,1000
26,CW dead band,1,0,-1,EPROM,rw,0,32
27,CCW dead band,1,0,-1,EPROM,rw,0,32
28,Integral limit,2,0,-1,EPROM,rw,0,1000
33,Position Offset,2,0,11,EPROM,rw,-2047,2047
35,Run mode,1,0,-1,EPROM,rw,0,2
36,Maximum current,2,0,-1,EPROM,rw,0,511
40,Torque enable,1,0,-1,SRAM,rw,0,1
42,Target postiton,2,0,15,SRAM,rw,-32766,32766
44,Running time,2,0,-1,SRAM,rw,0,32766
46,Running speed,2,0,15,SRAM,rw,-32766,32766
48,Lock,1,1,-1,SRAM,rw,0,1
56,Current position,2,0,15,SRAM,r,-1,-1
58,Current speed,2,0,15,SRAM,r,-1,-1
60,Current load,2,0,10,SRAM,r,-1,-1
62,Current voltage,1,0,-1,SRAM,r,-1,-1
63,Current temperature,1,0,-1,SRAM,r,-1,-1
66,Moveing,1,0,-1,SRAM,r,-1,-1
69,Current current,2,0,15,SRAM,r,-1,-1
NULL,NULL,NULL,NULL,NULL,NULL,NULL
[内存结束]


SCSXX(旧固件)
[内存]
2,0,255,1
0,Servo main version,1, ,-1,EPROM,r,-1,-1
1,Servo sub version,1, ,-1,EPROM,r,-1,-1
3,Firmware main version,1, ,-1,EPROM,r,-1,-1
4,Firmware sub version,1, ,-1,EPROM,r,-1,-1
5,ID,1,0,-1,EPROM,rw,0,253
6,baud rate,1,4,-1,EPROM,rw,0,7
7,Return delay,1,250,-1,EPROM,rw,0,254
8,Ack Level,1,1,-1,EPROM,rw,0,1
9,Minimum angle,2,0,15,EPROM,rw,-1,4095
11,Maximum angle,2,0,15,EPROM,rw,0,-1
13,Maximum temperature,1,80,-1,EPROM,rw,0,100
14,Maximum voltage,1,140,-1,EPROM,rw,0,254
15,Minimum voltage,1,80,-1,EPROM,rw,0,254
16,Maximum torque,2,1000,-1,EPROM,rw,0,1000
19,Unloading condition,1,37,-1,EPROM,rw,0,254
20,LED Alarm condition,1,37,-1,EPROM,rw,0,254
21,P,1,32,-1,EPROM,rw,0,254
22,D,1,0,-1,EPROM,rw,0,254
23,I,1,0,-1,EPROM,rw,0,254
24,Punch,2,0,-1,EPROM,rw,0,1000
26,CW dead band,1,0,-1,EPROM,rw,0,32
27,CCW dead band,1,0,-1,EPROM,rw,0,32
28,Integral limit,2,0,-1,EPROM,rw,0,1000
38,Protection time,1,80,-1,EPROM,rw,0,254
39,Overload torque,1,80,-1,EPROM,rw,0,254
40,Torque enable,1,0,-1,SRAM,rw,0,1
42,Target postiton,2,0,-1,SRAM,rw,0,1023
44,Running time,2,0,-1,SRAM,rw,0,32766
46,Running speed,2,0,-1,SRAM,rw,0,32766
48,Lock,1,1,-1,SRAM,rw,0,1
56,Current position,2,0,15,SRAM,r,-1,-1
58,Current speed,2,0,15,SRAM,r,-1,-1
60,Current load,2,0,10,SRAM,r,-1,-1
62,Current voltage,1,0,-1,SRAM,r,-1,-1
63,Current temperature,1,0,-1,SRAM,r,-1,-1
66,Moveing,1,0,-1,SRAM,r,-1,-1
NULL,NULL,NULL,NULL,NULL,NULL,NULL
[内存结束]